// Jest Snapshot v1, https://goo.gl/fbAQLP

exports[`PostTypeJitsi should render a post if the post type is not null, and should try to enrich the token 1`] = `
<div>
  <FormattedMessage
    defaultMessage="{creator} has started a meeting"
    id="jitsi.creator-has-started-a-meeting"
    values={
      Object {
        "creator": "test",
      }
    }
  />
  <div
    style={
      Object {
        "marginLeft": "-20px",
        "position": "relative",
      }
    }
  >
    <div
      style={
        Object {
          "borderColor": "#BDBDBF",
          "borderRadius": "4px",
          "borderStyle": "solid",
          "borderWidth": "1px",
          "margin": "5px 0 5px 20px",
          "padding": "2px 5px",
        }
      }
    >
      <div
        style={
          Object {
            "borderLeftColor": "#89AECB",
            "borderLeftStyle": "solid",
            "borderLeftWidth": "4px",
            "padding": "10px",
          }
        }
      >
        <h1
          style={
            Object {
              "fontSize": "16px",
              "fontWeight": "600",
              "height": "22px",
              "lineHeight": "18px",
              "margin": "5px 0 1px 0",
              "padding": "0",
            }
          }
        >
          Test topic
        </h1>
        <span>
          <FormattedMessage
            defaultMessage="Meeting ID: "
            id="jitsi.meeting-id"
            values={Object {}}
          />
          <a
            href="http://test-meeting-link/test?jwt=xxxxxxxxxxxx#config.callDisplayName=\\"Test topic\\"&userInfo.displayName=\\"First Last\\""
            onClick={[Function]}
            rel="noopener noreferrer"
            target="_blank"
          >
            test
          </a>
        </span>
        <div>
          <div
            style={
              Object {
                "overflowX": "auto",
                "overflowY": "hidden",
                "paddingRight": "5px",
                "width": "100%",
              }
            }
          >
            <div>
              <a
                className="btn btn-lg btn-primary"
                href="http://test-meeting-link/test?jwt=xxxxxxxxxxxx#config.callDisplayName=\\"Test topic\\"&userInfo.displayName=\\"First Last\\""
                onClick={[Function]}
                rel="noopener noreferrer"
                style={
                  Object {
                    "borderRadius": "4px",
                    "color": "#fabada",
                    "fontFamily": "Open Sans",
                    "fontSize": "12px",
                    "fontWeight": "bold",
                    "letterSpacing": "1px",
                    "lineHeight": "19px",
                    "marginTop": "12px",
                  }
                }
                target="_blank"
              >
                <i
                  dangerouslySetInnerHTML={
                    Object {
                      "__html": "<svg width='19px' height='10px' viewBox='0 0 19 10' version='1.1' xmlns='http://www.w3.org/2000/svg' xmlns:xlink='http://www.w3.org/1999/xlink'><title>icon video small</title><desc>Created with Sketch.</desc><defs><linearGradient x1='50%' y1='0%' x2='50%' y2='100%' id='linearGradient-1'><stop stop-color='#FFFFFF' offset='0%'></stop><stop stop-color='#F4F4F4' offset='100%'></stop></linearGradient></defs><g id='v2' stroke='none' stroke-width='1' fill='currentColor' fill-rule='evenodd'><g id='zoom-bot-&amp;-drop-down' transform='translate(-443.000000, -250.000000)'><g id='zoom-bot---share-meeting' transform='translate(340.000000, 98.000000)'><g id='Send-Button' transform='translate(83.000000, 136.000000)'><g id='icon-video-small' transform='translate(20.000000, 16.000000)'><path d='M1,0 L10,0 L10,0 C12.209139,-4.05812251e-16 14,1.790861 14,4 L14,9 L14,9 C14,9.55228475 13.5522847,10 13,10 L4,10 L4,10 C1.790861,10 2.705415e-16,8.209139 0,6 L0,1 L0,1 C-6.76353751e-17,0.44771525 0.44771525,1.01453063e-16 1,0 Z' id='Rectangle-4' fill='currentColor'></path><path d='M15.3667766,2.86236308 L17.3667766,1.22606168 L17.3667766,1.22606168 C17.794228,0.876342075 18.4242495,0.93935609 18.7739691,1.36680742 C18.9201398,1.54546732 19,1.76919482 19,2.00003079 L19,8.99999935 L19,8.99999935 C19,9.5522841 18.5522847,9.99999935 18,9.99999935 C17.769164,9.99999935 17.5454365,9.92013917 17.3667766,9.77396845 L15.3667766,8.13766705 L15.3667766,8.13766705 C15.1346326,7.94773826 15,7.66363761 15,7.36369795 L15,3.63633218 L15,3.63633218 C15,3.33639253 15.1346326,3.05229188 15.3667766,2.86236308 Z' id='Rectangle-5' fill='currentColor'></path></g></g></g></g></g></svg>",
                    }
                  }
                  style={
                    Object {
                      "fill": "#fabada",
                      "paddingRight": "8px",
                    }
                  }
                />
                <FormattedMessage
                  defaultMessage="JOIN MEETING"
                  id="jitsi.join-meeting"
                  values={Object {}}
                />
              </a>
            </div>
            <div
              style={
                Object {
                  "marginTop": "10px",
                }
              }
            >
              <FormattedMessage
                defaultMessage=" Meeting link valid until: "
                id="jitsi.link-valid-until"
                values={Object {}}
              />
              <b>
                Thu Jan 01 1970 00:02:03 GMT+0000 (Coordinated Universal Time)
              </b>
            </div>
          </div>
        </div>
      </div>
    </div>
  </div>
</div>
`;

exports[`PostTypeJitsi should render a post without token if there is no jwt token, and shouldn't try to enrich the token 1`] = `
<div>
  <FormattedMessage
    defaultMessage="{creator} has started a meeting"
    id="jitsi.creator-has-started-a-meeting"
    values={
      Object {
        "creator": "test",
      }
    }
  />
  <div
    style={
      Object {
        "marginLeft": "-20px",
        "position": "relative",
      }
    }
  >
    <div
      style={
        Object {
          "borderColor": "#BDBDBF",
          "borderRadius": "4px",
          "borderStyle": "solid",
          "borderWidth": "1px",
          "margin": "5px 0 5px 20px",
          "padding": "2px 5px",
        }
      }
    >
      <div
        style={
          Object {
            "borderLeftColor": "#89AECB",
            "borderLeftStyle": "solid",
            "borderLeftWidth": "4px",
            "padding": "10px",
          }
        }
      >
        <h1
          style={
            Object {
              "fontSize": "16px",
              "fontWeight": "600",
              "height": "22px",
              "lineHeight": "18px",
              "margin": "5px 0 1px 0",
              "padding": "0",
            }
          }
        >
          Test topic
        </h1>
        <span>
          <FormattedMessage
            defaultMessage="Meeting ID: "
            id="jitsi.meeting-id"
            values={Object {}}
          />
          <a
            href="http://test-meeting-link/test#config.callDisplayName=\\"Test topic\\"&userInfo.displayName=\\"First Last\\""
            onClick={[Function]}
            rel="noopener noreferrer"
            target="_blank"
          >
            test
          </a>
        </span>
        <div>
          <div
            style={
              Object {
                "overflowX": "auto",
                "overflowY": "hidden",
                "paddingRight": "5px",
                "width": "100%",
              }
            }
          >
            <div>
              <a
                className="btn btn-lg btn-primary"
                href="http://test-meeting-link/test#config.callDisplayName=\\"Test topic\\"&userInfo.displayName=\\"First Last\\""
                onClick={[Function]}
                rel="noopener noreferrer"
                style={
                  Object {
                    "borderRadius": "4px",
                    "color": "#fabada",
                    "fontFamily": "Open Sans",
                    "fontSize": "12px",
                    "fontWeight": "bold",
                    "letterSpacing": "1px",
                    "lineHeight": "19px",
                    "marginTop": "12px",
                  }
                }
                target="_blank"
              >
                <i
                  dangerouslySetInnerHTML={
                    Object {
                      "__html": "<svg width='19px' height='10px' viewBox='0 0 19 10' version='1.1' xmlns='http://www.w3.org/2000/svg' xmlns:xlink='http://www.w3.org/1999/xlink'><title>icon video small</title><desc>Created with Sketch.</desc><defs><linearGradient x1='50%' y1='0%' x2='50%' y2='100%' id='linearGradient-1'><stop stop-color='#FFFFFF' offset='0%'></stop><stop stop-color='#F4F4F4' offset='100%'></stop></linearGradient></defs><g id='v2' stroke='none' stroke-width='1' fill='currentColor' fill-rule='evenodd'><g id='zoom-bot-&amp;-drop-down' transform='translate(-443.000000, -250.000000)'><g id='zoom-bot---share-meeting' transform='translate(340.000000, 98.000000)'><g id='Send-Button' transform='translate(83.000000, 136.000000)'><g id='icon-video-small' transform='translate(20.000000, 16.000000)'><path d='M1,0 L10,0 L10,0 C12.209139,-4.05812251e-16 14,1.790861 14,4 L14,9 L14,9 C14,9.55228475 13.5522847,10 13,10 L4,10 L4,10 C1.790861,10 2.705415e-16,8.209139 0,6 L0,1 L0,1 C-6.76353751e-17,0.44771525 0.44771525,1.01453063e-16 1,0 Z' id='Rectangle-4' fill='currentColor'></path><path d='M15.3667766,2.86236308 L17.3667766,1.22606168 L17.3667766,1.22606168 C17.794228,0.876342075 18.4242495,0.93935609 18.7739691,1.36680742 C18.9201398,1.54546732 19,1.76919482 19,2.00003079 L19,8.99999935 L19,8.99999935 C19,9.5522841 18.5522847,9.99999935 18,9.99999935 C17.769164,9.99999935 17.5454365,9.92013917 17.3667766,9.77396845 L15.3667766,8.13766705 L15.3667766,8.13766705 C15.1346326,7.94773826 15,7.66363761 15,7.36369795 L15,3.63633218 L15,3.63633218 C15,3.33639253 15.1346326,3.05229188 15.3667766,2.86236308 Z' id='Rectangle-5' fill='currentColor'></path></g></g></g></g></g></svg>",
                    }
                  }
                  style={
                    Object {
                      "fill": "#fabada",
                      "paddingRight": "8px",
                    }
                  }
                />
                <FormattedMessage
                  defaultMessage="JOIN MEETING"
                  id="jitsi.join-meeting"
                  values={Object {}}
                />
              </a>
            </div>
          </div>
        </div>
      </div>
    </div>
  </div>
</div>
`;

exports[`PostTypeJitsi should render null if the post type is null 1`] = `""`;

exports[`PostTypeJitsi should render the a different subtitle if the meeting is personal 1`] = `
<div>
  <FormattedMessage
    defaultMessage="{creator} has started a meeting"
    id="jitsi.creator-has-started-a-meeting"
    values={
      Object {
        "creator": "test",
      }
    }
  />
  <div
    style={
      Object {
        "marginLeft": "-20px",
        "position": "relative",
      }
    }
  >
    <div
      style={
        Object {
          "borderColor": "#BDBDBF",
          "borderRadius": "4px",
          "borderStyle": "solid",
          "borderWidth": "1px",
          "margin": "5px 0 5px 20px",
          "padding": "2px 5px",
        }
      }
    >
      <div
        style={
          Object {
            "borderLeftColor": "#89AECB",
            "borderLeftStyle": "solid",
            "borderLeftWidth": "4px",
            "padding": "10px",
          }
        }
      >
        <h1
          style={
            Object {
              "fontSize": "16px",
              "fontWeight": "600",
              "height": "22px",
              "lineHeight": "18px",
              "margin": "5px 0 1px 0",
              "padding": "0",
            }
          }
        >
          Test topic
        </h1>
        <span>
          <FormattedMessage
            defaultMessage="Personal Meeting ID (PMI): "
            id="jitsi.personal-meeting-id"
            values={Object {}}
          />
          <a
            href="http://test-meeting-link/test?jwt=xxxxxxxxxxxx#config.callDisplayName=\\"Test topic\\"&userInfo.displayName=\\"First Last\\""
            onClick={[Function]}
            rel="noopener noreferrer"
            target="_blank"
          >
            test
          </a>
        </span>
        <div>
          <div
            style={
              Object {
                "overflowX": "auto",
                "overflowY": "hidden",
                "paddingRight": "5px",
                "width": "100%",
              }
            }
          >
            <div>
              <a
                className="btn btn-lg btn-primary"
                href="http://test-meeting-link/test?jwt=xxxxxxxxxxxx#config.callDisplayName=\\"Test topic\\"&userInfo.displayName=\\"First Last\\""
                onClick={[Function]}
                rel="noopener noreferrer"
                style={
                  Object {
                    "borderRadius": "4px",
                    "color": "#fabada",
                    "fontFamily": "Open Sans",
                    "fontSize": "12px",
                    "fontWeight": "bold",
                    "letterSpacing": "1px",
                    "lineHeight": "19px",
                    "marginTop": "12px",
                  }
                }
                target="_blank"
              >
                <i
                  dangerouslySetInnerHTML={
                    Object {
                      "__html": "<svg width='19px' height='10px' viewBox='0 0 19 10' version='1.1' xmlns='http://www.w3.org/2000/svg' xmlns:xlink='http://www.w3.org/1999/xlink'><title>icon video small</title><desc>Created with Sketch.</desc><defs><linearGradient x1='50%' y1='0%' x2='50%' y2='100%' id='linearGradient-1'><stop stop-color='#FFFFFF' offset='0%'></stop><stop stop-color='#F4F4F4' offset='100%'></stop></linearGradient></defs><g id='v2' stroke='none' stroke-width='1' fill='currentColor' fill-rule='evenodd'><g id='zoom-bot-&amp;-drop-down' transform='translate(-443.000000, -250.000000)'><g id='zoom-bot---share-meeting' transform='translate(340.000000, 98.000000)'><g id='Send-Button' transform='translate(83.000000, 136.000000)'><g id='icon-video-small' transform='translate(20.000000, 16.000000)'><path d='M1,0 L10,0 L10,0 C12.209139,-4.05812251e-16 14,1.790861 14,4 L14,9 L14,9 C14,9.55228475 13.5522847,10 13,10 L4,10 L4,10 C1.790861,10 2.705415e-16,8.209139 0,6 L0,1 L0,1 C-6.76353751e-17,0.44771525 0.44771525,1.01453063e-16 1,0 Z' id='Rectangle-4' fill='currentColor'></path><path d='M15.3667766,2.86236308 L17.3667766,1.22606168 L17.3667766,1.22606168 C17.794228,0.876342075 18.4242495,0.93935609 18.7739691,1.36680742 C18.9201398,1.54546732 19,1.76919482 19,2.00003079 L19,8.99999935 L19,8.99999935 C19,9.5522841 18.5522847,9.99999935 18,9.99999935 C17.769164,9.99999935 17.5454365,9.92013917 17.3667766,9.77396845 L15.3667766,8.13766705 L15.3667766,8.13766705 C15.1346326,7.94773826 15,7.66363761 15,7.36369795 L15,3.63633218 L15,3.63633218 C15,3.33639253 15.1346326,3.05229188 15.3667766,2.86236308 Z' id='Rectangle-5' fill='currentColor'></path></g></g></g></g></g></svg>",
                    }
                  }
                  style={
                    Object {
                      "fill": "#fabada",
                      "paddingRight": "8px",
                    }
                  }
                />
                <FormattedMessage
                  defaultMessage="JOIN MEETING"
                  id="jitsi.join-meeting"
                  values={Object {}}
                />
              </a>
            </div>
            <div
              style={
                Object {
                  "marginTop": "10px",
                }
              }
            >
              <FormattedMessage
                defaultMessage=" Meeting link valid until: "
                id="jitsi.link-valid-until"
                values={Object {}}
              />
              <b>
                Thu Jan 01 1970 00:02:03 GMT+0000 (Coordinated Universal Time)
              </b>
            </div>
          </div>
        </div>
      </div>
    </div>
  </div>
</div>
`;

exports[`PostTypeJitsi should render the default topic if the topic is empty 1`] = `
<h1
  style={
    Object {
      "fontSize": "16px",
      "fontWeight": "600",
      "height": "22px",
      "lineHeight": "18px",
      "margin": "5px 0 1px 0",
      "padding": "0",
    }
  }
>
  <FormattedMessage
    defaultMessage="Jitsi Meeting"
    id="jitsi.default-title"
    values={Object {}}
  />
</h1>
`;
